1A34-A
1A6M-A
1AF7-A
1AK0-A
1AMM-A
1AQZ-A
1AX8-A
1B0X-A
1BDO-A
1BE9-A
1BXM-A
1BYF-A
1CKE-A
1CTQ-A
1CUN-A
1D0B-A
1D7P-M
1DCF-A
1DVP-A
1E4C-P
1E6I-A
1ECS-A
1EE8-A
1EN2-A
1ESR-A
1EWN-A
1FK5-A
1G2O-A
1H32-A
1H8U-A
1HDO-A
1HRU-A
1IA9-A
1IG3-A
1INL-A
1IYN-A
1J98-A
1JJF-A
1JM1-A
1K1B-A
1K4N-A
1K6D-A
1KHC-A
1KNQ-A
1N2M-A
1N71-A
1NEU-A
1NF9-A
1NKO-A
1NP6-A
1O7Q-A
1OIS-A
1OUV-A
1PN2-A
1QQF-A
1QT9-A
1RFE-A
1RWI-A
1RXQ-A
1T8T-A
1UOH-A
1UXZ-A
1V6T-A
1VHY-A
1W94-A
1X7V-A
1XGS-A
1XQO-A
1XRU-A
1Y12-A
1YCD-A
1YLL-A
1YX1-A
1YZX-A
1Z67-A
1ZK5-A
1ZPS-A
2C0A-A
2C2I-A
2C4X-A
2CM4-A
2CUL-A
2CVB-A
2DST-A
2DWU-A
2E11-A
2E12-A
2EB4-A
2FBO-J
2FEF-A
2FHQ-A
2FSQ-A
2FUF-A
2HC1-A
2HCM-A
2HFT-A
2HKV-A
2HLY-A
2I8G-A
2IKB-A
2IMJ-A
2J9W-A
2JBM-A
2JIG-A
2NPN-A
2O4X-A
2ODF-A
2OPC-A
2OU5-A
2OX7-A
2OZE-A
2PKH-A
2Q0S-A
2QH9-A
2QL8-A
2QMQ-A
2QNK-A
2UWI-A
2V2G-A
2VH3-A
2VOK-A
2XFD-A
3B5E-A
3BFM-A
3BK5-A
3BKX-A
3BMZ-A
3C70-A
3CA8-A
3D3Z-A
3E23-A
3ES1-A
3EVF-A
3EWY-A
3F7W-A
3FF0-A
3HLX-A
3KKZ-A
3KZJ-A
3L42-A
3L52-A
3LR1-A
3LYY-A
3MT0-A